(cx-gui-do cx-set-list-tree-selections "NavigationPane*Frame2*Table1*List_Tree2" (list "Solution|Initialization"))
(cx-gui-do cx-activate-item "Solution Initialization*Table1*Frame9*PushButton1(Initialize)")
(cx-gui-do cx-set-list-tree-selections "NavigationPane*Frame2*Table1*List_Tree2" (list "Setup|Boundary Conditions"))
(cx-gui-do cx-activate-item "Boundary Conditions*Table1*Table3*Table4*Table2*ButtonBox1*PushButton2(Profiles)")
(cx-gui-do cx-activate-item "Profiles*Table7*Table1*PushButton1(Read)")
(cx-gui-do cx-set-file-dialog-entries "Select File" '( "inlet_1.csv") "Profile Files (*.csv* *.prof* *.ttab* )")
(cx-gui-do cx-activate-item "Profiles*PanelButtons*PushButton1(OK)")
(cx-gui-do cx-set-list-tree-selections "NavigationPane*Frame2*Table1*List_Tree2" (list "Solution|Run Calculation"))
(cx-gui-do cx-activate-item "Run Calculation*Table1*Table9(Solution Advancement)*Table1*PushButton1(Calculate)")
(cx-gui-do cx-activate-item "Question*OK")
(cx-gui-do cx-activate-item "Information*OK")
(cx-gui-do cx-set-list-tree-selections "NavigationPane*Frame2*Table1*List_Tree2" (list "Setup|Boundary Conditions"))
(cx-gui-do cx-activate-item "Boundary Conditions*Table1*Table3*Table4*Table2*ButtonBox1*PushButton2(Profiles)")
(cx-gui-do cx-activate-item "Profiles*Table7*Table1*PushButton1(Read)")
(cx-gui-do cx-set-file-dialog-entries "Select File" '( "inlet_2.csv") "Profile Files (*.csv* *.prof* *.ttab* )")
(cx-gui-do cx-activate-item "Profiles*PanelButtons*PushButton1(OK)")
(cx-gui-do cx-set-list-tree-selections "NavigationPane*Frame2*Table1*List_Tree2" (list "Solution|Run Calculation"))
(cx-gui-do cx-activate-item "Run Calculation*Table1*Table9(Solution Advancement)*Table1*PushButton1(Calculate)")
(cx-gui-do cx-activate-item "Settings have changed!*PanelButtons*PushButton1(OK)")
(cx-gui-do cx-activate-item "Information*OK")
(cx-gui-do cx-activate-item "MenuBar*WriteSubMenu*Stop Journal")
