"cl3_dx00002_v7_report"
"Time Step" "flow-time etc.."
("Time Step" "flow-time" "u_max" "q_bottom" "q_top" "q_tonsils" "p_fm-5" "p_fm-10" "p_fm-15" "p_fm-20" "p_fm-25" "p_fm-30" "p_fm-35" "p_fm-40" "p_fm-45" "p_fm-50")
0 0 0 -2.264623009805131e-07 1.679737039859611e-07 0 0 0 0 0 0 0 0 0 0 0
1 0.01134 0.01388610744033915 -2.264623009805131e-07 1.679737039859611e-07 0 -4.441548574889831 -5.503209904979787 -6.529026874531206 -7.45851408991951 -8.25767995553233 -9.087012479116163 -9.847293985922191 -10.45913684499195 -11.17374612845488 -12.06094525702802
2 0.02268 0.01475326878964906 -2.14755545320097e-07 1.466014814419952e-07 0 0.5854645508526106 0.7126040294264644 0.851426239076893 0.9746452073718531 1.083083277125059 1.198060666877341 1.308134509567518 1.404150146172889 1.498907834427963 1.570384330325246
3 0.03401999999999999 0.0158333369021531 -1.934145448206265e-07 1.173200279793834e-07 0 1.267555150070182 1.574621908969059 1.858526954658334 2.094557561682689 2.306739026002839 2.543575663990304 2.783351731445525 3.004336086175317 3.241195541295973 3.447878931064062
4 0.04536 0.01366866018433976 -1.877729022339891e-07 9.685365067138672e-08 0 0.2247748167738265 0.3235622021176454 0.4015410031447719 0.4519283859446162 0.4912332921669313 0.5268186338896114 0.5515739232175912 0.5662893501618554 0.5686112863992012 0.5520439797759281
5 0.0567 0.0124731525471331 -2.094362111204584e-07 9.037550418442499e-08 0 -0.4056060659801493 -0.4540954353384445 -0.4959978765378277 -0.5346313395459473 -0.5827758922455902 -0.659236906591409 -0.7653423366166175 -0.8880109459236648 -1.054464062175297 -1.243293974187275
6 0.06804 0.01332047937267902 -2.481769884848813e-07 8.321503430693058e-08 0 -0.5161251619458448 -0.5991829455815887 -0.6500419705988959 -0.668549569601489 -0.7023610446879575 -0.7740057878568161 -0.886786649707366 -1.030320208312878 -1.233402091645954 -1.464021229156548
7 0.07938000000000001 0.01390591030811465 -2.819337031926268e-07 6.271015306738091e-08 0 -0.1979894065252869 -0.2011311162033902 -0.1699082136676947 -0.0989748044062292 -0.05274968772155099 -0.03919042001555038 -0.06852832546874639 -0.1414982553541386 -0.2668192475410361 -0.4148249727495584
8 0.09072000000000001 0.01417207890061618 -2.940835600551453e-07 3.769944425447978e-08 0 0.1477982662292681 0.239333321430364 0.3503869606710081 0.484283267102331 0.5895447963497212 0.6739412956695654 0.7216728973768765 0.7248373589760106 0.6985408110143928 0.6650279942626185
9 0.10206 0.01425811361573504 -2.827545419143436e-07 2.727974272556373e-08 0 0.2508640917079388 0.3606770765393171 0.4773845024127083 0.5939884575041621 0.6879572858929477 0.7712306350779161 0.8289312834806464 0.8554159465177683 0.8773069618365453 0.9108558209024897
10 0.1134 0.01402933141727018 -2.567220501501019e-07 3.403653203218676e-08 0 0.1856993070217909 0.249003542392483 0.3218133544973 0.3867549881906854 0.4399937187071539 0.4903813539455444 0.5277750520971793 0.5507728932012182 0.5861419975769584 0.6446871904008524
11 0.12474 0.01318077830756923 -2.248744774040932e-07 3.860293615277705e-08 0 0.1577078749898358 0.1816893017095399 0.2257346247084534 0.2723488664761934 0.3147552746851083 0.3618077537845366 0.4068679101753799 0.4473294189708506 0.5088977799021462 0.5953302092562375
12 0.13608 0.01233559769901768 -1.894247053175196e-07 2.29198098303238e-08 0 0.2538412389130348 0.2941685684705982 0.3590427104065027 0.439765898999519 0.5172579439346469 0.6073458947804885 0.7021406586034314 0.7924896746189763 0.9097967654661478 1.04851512840981
13 0.14742 0.01173804845892587 -1.467824638163709e-07 -9.209795986637518e-09 0 0.3904256602100494 0.4771506776225981 0.5803583493291306 0.7003786199312232 0.8147905070581833 0.9464560192148294 1.084261800766212 1.215205349027127 1.381779906601804 1.572354912203199
14 0.15876 0.01101423235344037 -9.280396289226416e-08 -4.059390127488564e-08 0 0.4964714418198106 0.6148544068966583 0.7387205237496925 0.8698792043227959 0.9933115265200476 1.133917751571031 1.278222012903987 1.414529294682457 1.598199876981138 1.819535400627263
15 0.1701 0.01032435133322167 -2.713122625893997e-08 -6.427796388325984e-08 0 0.605703181341306 0.7356940028139134 0.8675044453061468 0.9988869574537124 1.12043005346179 1.257086845119266 1.394048941354503 1.520955691752288 1.705412168311488 1.946442173564491
16 0.18144 0.009824157982979404 4.633851432693473e-08 -8.956676798809546e-08 0 0.7563199932044996 0.9069467831244846 1.061634330202617 1.214562542347186 1.354584197239343 1.511424901012938 1.66849952746231 1.811486113116395 2.01743640965861 2.291057494520075
17 0.19278 0.009973895105597947 1.225405976551226e-07 -1.247708109199437e-07 0 0.8730739490296296 1.063613410733318 1.256950365009568 1.447467897380631 1.623664486351188 1.825072609594993 2.033191358927794 2.226626940020479 2.485708281539478 2.807919884758955
18 0.2041199999999999 0.01033082025123553 1.990462573446988e-07 -1.639915402635374e-07 0 0.8159501749457707 1.032868247662665 1.245327379423484 1.451788826574028 1.648324074683836 1.882189416014585 2.135047346092222 2.381848435530041 2.699382736479767 3.066110268024844
19 0.2154599999999999 0.01156382602752585 2.76991766502383e-07 -1.974237695721558e-07 0 0.5519643226253789 0.7466142546017428 0.934212538001632 1.120814708569514 1.307006934519901 1.539834061844052 1.803860739445132 2.075707211589137 2.427451842722518 2.819994529354878
20 0.2267999999999999 0.01304651128390467 3.579934400633866e-07 -2.286160851916702e-07 0 0.2585827621943678 0.3965385378725208 0.53938432924971 0.7031841016017241 0.8740639368066336 1.094021758207556 1.350580382404994 1.621816284715936 1.981382618464063 2.387167746557958
21 0.2381399999999999 0.01378633429254809 4.403864769444081e-07 -2.709154479134354e-07 0 0.1871576061767647 0.2908168030476058 0.4200344900470991 0.59744464073879 0.7808361350783073 1.010867475546416 1.27479103988632 1.546221032470556 1.907412607297393 2.326524810241664
22 0.2494799999999999 0.01555572520569347 5.195653830568791e-07 -3.260218753492624e-07 0 0.4237516601374118 0.5522070832109569 0.7173168218783109 0.9374934206058486 1.155713685968215 1.418635403947076 1.710334873103143 1.996011748906705 2.365461262317942 2.796623578880495
23 0.2608199999999999 0.01875876801203744 5.924591697177134e-07 -3.761156479149217e-07 0 0.8014546539737974 0.9873739892132917 1.200490364065653 1.44528022635143 1.682043756582202 1.965295063488836 2.277166316328422 2.57776761243383 2.955102542038299 3.385386649501354
24 0.2721599999999999 0.02025310232388009 6.602257816778365e-07 -4.045242976883612e-07 0 1.038624747100495 1.252461718371185 1.47151899059029 1.690052419555077 1.90308584038835 2.166133047336393 2.464245331753503 2.75960966365992 3.129243918453651 3.540238668057581
25 0.2834999999999999 0.02325652740479692 7.246445154460529e-07 -4.191322156648672e-07 0 0.9757862656146989 1.157990519640988 1.326287659929748 1.483049551645408 1.6436565486118 1.85529350398437 2.110553452825133 2.376996139021113 2.718599916245915 3.097975167440152
26 0.2948399999999999 0.02500898137711344 7.823701283353886e-07 -4.452703285027629e-07 0 0.699408508452969 0.8226278177601818 0.919666558950334 1.018106915564285 1.129372205084413 1.288876192894543 1.497915900736684 1.726369329528605 2.028012731316042 2.369993642682263
27 0.30618 0.0269207807828883 8.259292410422843e-07 -4.942779645008898e-07 0 0.4357854433651364 0.5285695341649688 0.5823277727001448 0.6480127644033647 0.7300238021176604 0.8565075970041923 1.035222314538789 1.233844608366718 1.498431555187813 1.801697696658106
